// Jest Snapshot v1, https://goo.gl/fbAQLP

exports[`StalkListItem component renders a stalk list item correctly renders correctly 1`] = `
<a
  href="/1"
  onClick={[Function]}
>
  <p
    className="StalkListItem"
    onClick={[Function]}
  >
    Rosie Perez
     on 
    Mon Apr 23 2018
  </p>
</a>
`;
