// Jest Snapshot v1, https://goo.gl/fbAQLP

exports[`StalkList component renders the stalk list correctly renders correctly 1`] = `
<ul
  className="StalkList"
>
  <li>
    <a
      href="/1"
      onClick={[Function]}
    >
      <p
        className="StalkListItem"
        onClick={[Function]}
      >
        Rosie Perez
         on 
        Mon Apr 23 2018
      </p>
    </a>
  </li>
  <li>
    <a
      href="/2"
      onClick={[Function]}
    >
      <p
        className="StalkListItem"
        onClick={[Function]}
      >
        Angela Bassett
         on 
        Sat Mar 24 2018
      </p>
    </a>
  </li>
  <li>
    <a
      href="/3"
      onClick={[Function]}
    >
      <p
        className="StalkListItem"
        onClick={[Function]}
      >
        Greg Luzinski
         on 
        Sun Feb 25 2018
      </p>
    </a>
  </li>
</ul>
`;
